Environment variables loaded from .env
Prisma schema loaded from prisma/schema
Datasource "db": PostgreSQL database "dataroomdb", schema "public" at "127.0.0.1:55432"

107 migrations found in prisma/migrations

Applying migration `20230912150657_initialize`
Applying migration `202310122339_NewColumnInLinkTable`
Applying migration `20231013165123_create_document_version`
Applying migration `20231014200337_create_document_pages`
Applying migration `202310311254_NewColumnEnableNotificationLinkTable`
Applying migration `20231105152632_create_team`
Applying migration `20231113051339_create_sent_email`
Applying migration `20231114054509_add_domain_to_sent_emails`
Applying migration `20231116093816_update_invitations`
Applying migration `20231127062841_add_conversation`
Applying migration `20231128064540_add_indices`
Applying migration `20231204070250_remove_trial`
Applying migration `20231207081407_add_reactions`
Applying migration `20240110233134_add_disable_feedback`
Applying migration `20240117020456_add_branding`
Applying migration `20240202052149_add_email_authentication_to_link_and_view`
Applying migration `20240205170242_embedded_links`
Applying migration `20240212081614_add_downloaded_time_to_view`
Applying migration `20240215035046_add_allow_deny_list_to_links`
Applying migration `20240221042933_add_document_storage_type_enum`
Applying migration `20240313100203_add_folders`
Applying migration `20240327102407_add_dataroom`
Applying migration `20240330062000_add_viewtype`
Applying migration `20240401000000_add_dataroom_brand`
Applying migration `20240408000000_add_viewer`
Applying migration `20240415000000_add_feedback`
Applying migration `20240424152839_add_screenprotection_to_link`
Applying migration `20240511000000_add_team_limits`
Applying migration `20240520000000_add_vertical_to_document_version`
Applying migration `20240521000000_add_manager_role`
Applying migration `20240611000000_add_agreements`
Applying migration `20240712000000_add_page_metadata`
Applying migration `20240720000000_change_owner_dependecy`
Applying migration `20240730000000_update_link_defaults`
Applying migration `20240731000000_add_link_show_banner`
Applying migration `20240809000000_add_dataroom_order_index`
Applying migration `20240821000000_add_require_name`
Applying migration `20240830000000_add_watermarks`
Applying migration `20240901000000_add_domain_default`
Applying migration `20240902000000_add_link_presets`
Applying migration `20240911000000_add_dataroom_groups_permissions`
Applying migration `20240915000000_add_advanced_mode`
Applying migration `20240916000000_add_content_type_to_document`
Applying migration `20240921000000_add_viewer_migration`
Applying migration `20241004024010_add_favicon_column`
Applying migration `20241020000000_add_teamid_to_link_and_view`
Applying migration `20241029000000_add_archived_view`
Applying migration `20241107000000_add_tokens_and_webhooks`
Applying migration `20241118000000_add_filesize_and_downloadonly`
Applying migration `20241123000000_add_viewer_notification_preferences`
Applying migration `20241126000000_add_screen_shield`
Applying migration `20241208000000_add_webhooks`
Applying migration `20241212000000_add_yir`
Applying migration `20241231_add_dataroom_allow_bulk_download`
Applying migration `20250106000000_add_download_type`
Applying migration `20250110000000_add_length_to_document_version`
Applying migration `20250113000000_add_custom_fields`
Applying migration `20250204000000_add_anonymous_group`
Applying migration `20250217000000_add_contactid_to_user`
Applying migration `20250217000000_remove_link_column`
Applying migration `20250310000000_rename_conversation_table`
Applying migration `20250404000000_add_questions_answer_conversation`
Applying migration `20250413000000_add_dataroom_upload`
Applying migration `20250425000000_update_link_presets`
Applying migration `20250428000000_add_tags`
Applying migration `20250502000000_add_additional_present_fields`
Applying migration `20250511000000_add_index_file_to_links`
Applying migration `20250513000000_add_notification_to_dataroom`
Applying migration `20250516000000_add_advanced_mode_to_team`
Applying migration `20250526000000_add_status_to_users`
Applying migration `20250607000000_add_notification_to_presets`
Applying migration `20250612000000_add_permissions_to_link`
Applying migration `20250624042156_viewers_performance_optimization`
Applying migration `20250711000000_add_ignored_domains_to_team`
Applying migration `20250715042921_add_global_block_list_to_team`
Applying migration `20250716000000_add_dataroom_permission_defaults`
Applying migration `20250725000000_add_welcome_message_to_dataroom`
Applying migration `20250730000000_change_file_size_bigint`
Applying migration `20250806000000_add_billing_details_to_team`
Applying migration `20250830000000_dataroom_faq_items_model`
Applying migration `20250903000000_add_agreement_contenttype`
Applying migration `20250905000000_add_hierarchical_index_to_dataroom`
Applying migration `20250913000000_add_integrations`
Applying migration `20250915000000_add_annotations`
Applying migration `20250915000000_add_performance_indexes`
Applying migration `20250917000000_add_performance_index_dataroom`
Applying migration `20251007000000_add_welcome_message_to_brand`
Applying migration `20251009000000_update-replicate-folders`
Applying migration `20251017000000_add_show_banner_to_presets`
Applying migration `20251021000000_add_deleted_at_to_links`
Applying migration `20251027000000_add_banner_to_brand`
Applying migration `20251031000000_add_message_to_link`
Applying migration `20251111000000_add_viewer_invitations`
Applying migration `20251116000000_add_workflow`
Applying migration `20251208000000_add_chat_model`
Applying migration `20251209000000_update_view_model`
Applying migration `20251230000000_add_timezone_to_team`
Applying migration `20260113000000_add_hidden_in_all_documents`
Applying migration `20260113000000_add_internal_name_to_dataroom`
Applying migration `20260120000000_add_folder_icon_color`
Applying migration `20260204000000_add_introduction_page`
Applying migration `20260210000000_add_saml_scim_to_team`
Applying migration `20260212000000_add_owner_to_link`
Applying migration `20260212000000_add_visitor_groups`
Applying migration `20260219171000_add_dataroom_bg_toggle_to_brand`
Applying migration `20260220000000_add_redirect_url_to_domain`
Applying migration `20260227000000_add_survey_data_to_team`

The following migration(s) have been applied:

migrations/
  └─ 20230912150657_initialize/
    └─ migration.sql
  └─ 202310122339_NewColumnInLinkTable/
    └─ migration.sql
  └─ 20231013165123_create_document_version/
    └─ migration.sql
  └─ 20231014200337_create_document_pages/
    └─ migration.sql
  └─ 202310311254_NewColumnEnableNotificationLinkTable/
    └─ migration.sql
  └─ 20231105152632_create_team/
    └─ migration.sql
  └─ 20231113051339_create_sent_email/
    └─ migration.sql
  └─ 20231114054509_add_domain_to_sent_emails/
    └─ migration.sql
  └─ 20231116093816_update_invitations/
    └─ migration.sql
  └─ 20231127062841_add_conversation/
    └─ migration.sql
  └─ 20231128064540_add_indices/
    └─ migration.sql
  └─ 20231204070250_remove_trial/
    └─ migration.sql
  └─ 20231207081407_add_reactions/
    └─ migration.sql
  └─ 20240110233134_add_disable_feedback/
    └─ migration.sql
  └─ 20240117020456_add_branding/
    └─ migration.sql
  └─ 20240202052149_add_email_authentication_to_link_and_view/
    └─ migration.sql
  └─ 20240205170242_embedded_links/
    └─ migration.sql
  └─ 20240212081614_add_downloaded_time_to_view/
    └─ migration.sql
  └─ 20240215035046_add_allow_deny_list_to_links/
    └─ migration.sql
  └─ 20240221042933_add_document_storage_type_enum/
    └─ migration.sql
  └─ 20240313100203_add_folders/
    └─ migration.sql
  └─ 20240327102407_add_dataroom/
    └─ migration.sql
  └─ 20240330062000_add_viewtype/
    └─ migration.sql
  └─ 20240401000000_add_dataroom_brand/
    └─ migration.sql
  └─ 20240408000000_add_viewer/
    └─ migration.sql
  └─ 20240415000000_add_feedback/
    └─ migration.sql
  └─ 20240424152839_add_screenprotection_to_link/
    └─ migration.sql
  └─ 20240511000000_add_team_limits/
    └─ migration.sql
  └─ 20240520000000_add_vertical_to_document_version/
    └─ migration.sql
  └─ 20240521000000_add_manager_role/
    └─ migration.sql
  └─ 20240611000000_add_agreements/
    └─ migration.sql
  └─ 20240712000000_add_page_metadata/
    └─ migration.sql
  └─ 20240720000000_change_owner_dependecy/
    └─ migration.sql
  └─ 20240730000000_update_link_defaults/
    └─ migration.sql
  └─ 20240731000000_add_link_show_banner/
    └─ migration.sql
  └─ 20240809000000_add_dataroom_order_index/
    └─ migration.sql
  └─ 20240821000000_add_require_name/
    └─ migration.sql
  └─ 20240830000000_add_watermarks/
    └─ migration.sql
  └─ 20240901000000_add_domain_default/
    └─ migration.sql
  └─ 20240902000000_add_link_presets/
    └─ migration.sql
  └─ 20240911000000_add_dataroom_groups_permissions/
    └─ migration.sql
  └─ 20240915000000_add_advanced_mode/
    └─ migration.sql
  └─ 20240916000000_add_content_type_to_document/
    └─ migration.sql
  └─ 20240921000000_add_viewer_migration/
    └─ migration.sql
  └─ 20241004024010_add_favicon_column/
    └─ migration.sql
  └─ 20241020000000_add_teamid_to_link_and_view/
    └─ migration.sql
  └─ 20241029000000_add_archived_view/
    └─ migration.sql
  └─ 20241107000000_add_tokens_and_webhooks/
    └─ migration.sql
  └─ 20241118000000_add_filesize_and_downloadonly/
    └─ migration.sql
  └─ 20241123000000_add_viewer_notification_preferences/
    └─ migration.sql
  └─ 20241126000000_add_screen_shield/
    └─ migration.sql
  └─ 20241208000000_add_webhooks/
    └─ migration.sql
  └─ 20241212000000_add_yir/
    └─ migration.sql
  └─ 20241231_add_dataroom_allow_bulk_download/
    └─ migration.sql
  └─ 20250106000000_add_download_type/
    └─ migration.sql
  └─ 20250110000000_add_length_to_document_version/
    └─ migration.sql
  └─ 20250113000000_add_custom_fields/
    └─ migration.sql
  └─ 20250204000000_add_anonymous_group/
    └─ migration.sql
  └─ 20250217000000_add_contactid_to_user/
    └─ migration.sql
  └─ 20250217000000_remove_link_column/
    └─ migration.sql
  └─ 20250310000000_rename_conversation_table/
    └─ migration.sql
  └─ 20250404000000_add_questions_answer_conversation/
    └─ migration.sql
  └─ 20250413000000_add_dataroom_upload/
    └─ migration.sql
  └─ 20250425000000_update_link_presets/
    └─ migration.sql
  └─ 20250428000000_add_tags/
    └─ migration.sql
  └─ 20250502000000_add_additional_present_fields/
    └─ migration.sql
  └─ 20250511000000_add_index_file_to_links/
    └─ migration.sql
  └─ 20250513000000_add_notification_to_dataroom/
    └─ migration.sql
  └─ 20250516000000_add_advanced_mode_to_team/
    └─ migration.sql
  └─ 20250526000000_add_status_to_users/
    └─ migration.sql
  └─ 20250607000000_add_notification_to_presets/
    └─ migration.sql
  └─ 20250612000000_add_permissions_to_link/
    └─ migration.sql
  └─ 20250624042156_viewers_performance_optimization/
    └─ migration.sql
  └─ 20250711000000_add_ignored_domains_to_team/
    └─ migration.sql
  └─ 20250715042921_add_global_block_list_to_team/
    └─ migration.sql
  └─ 20250716000000_add_dataroom_permission_defaults/
    └─ migration.sql
  └─ 20250725000000_add_welcome_message_to_dataroom/
    └─ migration.sql
  └─ 20250730000000_change_file_size_bigint/
    └─ migration.sql
  └─ 20250806000000_add_billing_details_to_team/
    └─ migration.sql
  └─ 20250830000000_dataroom_faq_items_model/
    └─ migration.sql
  └─ 20250903000000_add_agreement_contenttype/
    └─ migration.sql
  └─ 20250905000000_add_hierarchical_index_to_dataroom/
    └─ migration.sql
  └─ 20250913000000_add_integrations/
    └─ migration.sql
  └─ 20250915000000_add_annotations/
    └─ migration.sql
  └─ 20250915000000_add_performance_indexes/
    └─ migration.sql
  └─ 20250917000000_add_performance_index_dataroom/
    └─ migration.sql
  └─ 20251007000000_add_welcome_message_to_brand/
    └─ migration.sql
  └─ 20251009000000_update-replicate-folders/
    └─ migration.sql
  └─ 20251017000000_add_show_banner_to_presets/
    └─ migration.sql
  └─ 20251021000000_add_deleted_at_to_links/
    └─ migration.sql
  └─ 20251027000000_add_banner_to_brand/
    └─ migration.sql
  └─ 20251031000000_add_message_to_link/
    └─ migration.sql
  └─ 20251111000000_add_viewer_invitations/
    └─ migration.sql
  └─ 20251116000000_add_workflow/
    └─ migration.sql
  └─ 20251208000000_add_chat_model/
    └─ migration.sql
  └─ 20251209000000_update_view_model/
    └─ migration.sql
  └─ 20251230000000_add_timezone_to_team/
    └─ migration.sql
  └─ 20260113000000_add_hidden_in_all_documents/
    └─ migration.sql
  └─ 20260113000000_add_internal_name_to_dataroom/
    └─ migration.sql
  └─ 20260120000000_add_folder_icon_color/
    └─ migration.sql
  └─ 20260204000000_add_introduction_page/
    └─ migration.sql
  └─ 20260210000000_add_saml_scim_to_team/
    └─ migration.sql
  └─ 20260212000000_add_owner_to_link/
    └─ migration.sql
  └─ 20260212000000_add_visitor_groups/
    └─ migration.sql
  └─ 20260219171000_add_dataroom_bg_toggle_to_brand/
    └─ migration.sql
  └─ 20260220000000_add_redirect_url_to_domain/
    └─ migration.sql
  └─ 20260227000000_add_survey_data_to_team/
    └─ migration.sql
      
All migrations have been successfully applied.
